// Jest Snapshot v1, https://goo.gl/fbAQLP

exports[`should renders correctly 1`] = `<div />`;
